.assertion\
- Status: SUCCESS\
- Description: "divisor != 0"

.assertion\
- Status: SUCCESS\
- Description: "a >= b"

main.assertion\
- Status: SUCCESS\
- Description: ""contract guarantees smallness""

VERIFICATION:- SUCCESSFUL
